HMCSIM_TRACE : 0 : XBAR_LATENCY : 0:0:0:2:0
HMCSIM_TRACE : 0 : XBAR_LATENCY : 0:0:1:2:0
HMCSIM_TRACE : 0 : XBAR_LATENCY : 0:0:3:2:0
HMCSIM_TRACE : 0 : XBAR_LATENCY : 0:0:6:2:0
HMCSIM_TRACE : 0 : XBAR_LATENCY : 0:1:0:0:0
HMCSIM_TRACE : 0 : XBAR_LATENCY : 0:3:0:0:0
HMCSIM_TRACE : 0 : BANK_CONFLICT : 0:0:0:1:0x000000004a38a400
HMCSIM_TRACE : 0 : BANK_CONFLICT : 0:0:0:3:0x0000000055a06c00
HMCSIM_TRACE : 0 : BANK_CONFLICT : 0:0:1:1:0x000000004a38a400
HMCSIM_TRACE : 0 : BANK_CONFLICT : 0:0:2:1:0x000000004a38a400
HMCSIM_TRACE : 0 : BANK_CONFLICT : 0:0:3:1:0x000000004a38a400
HMCSIM_TRACE : 0 : BANK_CONFLICT : 0:2:0:1:0x0000000245170600
HMCSIM_TRACE : 0 : DRE_SETUP : 0:0:0:0:0x0000000000000000:1
HMCSIM_TRACE : 0 : DRE_SETUP : 0:0:0:0:0x0000000000000000:1
HMCSIM_TRACE : 0 : DRE_SETUP : 0:0:0:0:0x0000000000000000:1
HMCSIM_TRACE : 0 : DRE_SETUP : 0:0:0:0:0x0000000000000000:1
HMCSIM_TRACE : 0 : DRE_SETUP : 0:0:0:0:0x0000000000000000:1
HMCSIM_TRACE : 0 : DRE_SETUP : 0:0:0:0:0x0000000000000000:1
HMCSIM_TRACE : 0 : DRE_SETUP : 0:0:0:0:0x0000000000000000:1
HMCSIM_TRACE : 1 : BANK_CONFLICT : 0:0:0:0:0x0000000000000000
HMCSIM_TRACE : 1 : BANK_CONFLICT : 0:0:1:0:0x0000000000000000
HMCSIM_TRACE : 1 : BANK_CONFLICT : 0:0:2:0:0x0000000000000000
HMCSIM_TRACE : 1 : BANK_CONFLICT : 0:0:3:0:0x0000000000000000
HMCSIM_TRACE : 1 : DRE_SETUP : 0:0:0:0:0x0000000000000000:1
HMCSIM_TRACE : 1 : DRE_SETUP : 0:0:0:0:0x0000000000000000:1
HMCSIM_TRACE : 1 : DRE_SETUP : 0:0:0:0:0x0000000000000000:1
