Base address: -1560785408. Row address -1560785408. Setup msg 
packet[1] = -1560785408 
packet[2] = -1560785408 
packet[3] = -1560785408 
packet[4] = -1560785408 
packet[5] = -1560785408 
packet[6] = -1560785408 
packet[7] = -1560785408 
packet[8] = -1560785408 
Base address: -1560785408. Row address -1560785408. Reading packet 0 from address -1560785408 
packet[1] = -1560785408 
packet[2] = -1560785376 
packet[3] = -1560785344 
packet[4] = -1560785312 
packet[5] = -1560785280 
packet[6] = -1560785248 
packet[7] = -1560785216 
packet[8] = -1560785184 
Base address: -1560785408. Row address -1560785408. Reading packet 1 from address -1560783360 
Base address: -1560785408. Row address -1560785408. Release msg 
Base address: -1560785408. Row address -1560784896. Setup msg 
packet[1] = -1560784896 
packet[2] = -1560784896 
packet[3] = -1560784896 
packet[4] = -1560784896 
packet[5] = -1560784896 
packet[6] = -1560784896 
packet[7] = -1560784896 
packet[8] = -1560784896 
Base address: -1560785408. Row address -1560784896. Reading packet 0 from address -1560784896 
packet[1] = -1560784896 
packet[2] = -1560784864 
packet[3] = -1560784832 
packet[4] = -1560784800 
packet[5] = -1560784768 
packet[6] = -1560784736 
packet[7] = -1560784704 
packet[8] = -1560784672 
Base address: -1560785408. Row address -1560784896. Reading packet 1 from address -1560782848 
Base address: -1560785408. Row address -1560784896. Release msg 
Base address: -1560785408. Row address -1560784384. Setup msg 
packet[1] = -1560784384 
packet[2] = -1560784384 
packet[3] = -1560784384 
packet[4] = -1560784384 
packet[5] = -1560784384 
packet[6] = -1560784384 
packet[7] = -1560784384 
packet[8] = -1560784384 
Base address: -1560785408. Row address -1560784384. Reading packet 0 from address -1560784384 
packet[1] = -1560784384 
packet[2] = -1560784352 
packet[3] = -1560784320 
packet[4] = -1560784288 
packet[5] = -1560784256 
packet[6] = -1560784224 
packet[7] = -1560784192 
packet[8] = -1560784160 
Base address: -1560785408. Row address -1560784384. Reading packet 1 from address -1560782336 
Base address: -1560785408. Row address -1560784384. Release msg 
Base address: 1466969088. Row address 1466970624. Setup msg 
packet[1] = 1466970624 
packet[2] = 1466970624 
packet[3] = 1466970624 
packet[4] = 1466970624 
packet[5] = 1466970624 
packet[6] = 1466970624 
packet[7] = 1466970624 
packet[8] = 1466970624 
Base address: 1466969088. Row address 1466970624. Reading packet 0 from address 1466970624 
packet[1] = 1466970624 
packet[2] = 1466970656 
packet[3] = 1466970688 
packet[4] = 1466970720 
packet[5] = 1466970752 
packet[6] = 1466970784 
packet[7] = 1466970816 
packet[8] = 1466970848 
Base address: 1466969088. Row address 1466970624. Reading packet 1 from address 1466972672 
Base address: 1466969088. Row address 1466970624. Release msg 
Base address: 1466969088. Row address 1466971136. Setup msg 
packet[1] = 1466971136 
packet[2] = 1466971136 
packet[3] = 1466971136 
packet[4] = 1466971136 
packet[5] = 1466971136 
packet[6] = 1466971136 
packet[7] = 1466971136 
packet[8] = 1466971136 
Base address: 1466969088. Row address 1466971136. Reading packet 0 from address 1466971136 
packet[1] = 1466971136 
packet[2] = 1466971168 
packet[3] = 1466971200 
packet[4] = 1466971232 
packet[5] = 1466971264 
packet[6] = 1466971296 
packet[7] = 1466971328 
packet[8] = 1466971360 
Base address: 1466969088. Row address 1466971136. Reading packet 1 from address 1466973184 
Base address: 1466969088. Row address 1466971136. Release msg 
Base address: 1466969088. Row address 1466971648. Setup msg 
packet[1] = 1466971648 
packet[2] = 1466971648 
packet[3] = 1466971648 
packet[4] = 1466971648 
packet[5] = 1466971648 
packet[6] = 1466971648 
packet[7] = 1466971648 
packet[8] = 1466971648 
Base address: 1466969088. Row address 1466971648. Reading packet 0 from address 1466971648 
packet[1] = 1466971648 
packet[2] = 1466971680 
packet[3] = 1466971712 
packet[4] = 1466971744 
packet[5] = 1466971776 
packet[6] = 1466971808 
packet[7] = 1466971840 
packet[8] = 1466971872 
Base address: 1466969088. Row address 1466971648. Reading packet 1 from address 1466973696 
Base address: 1466969088. Row address 1466971648. Release msg 
